
> studyplanner-app@0.1.0 test:run
> node ./node_modules/vitest/vitest.mjs --config vite.config.mjs run src/features/weeklyPlanning/__tests__/weeklyPlanningCandidateAuditHardening.test.ts src/features/weeklyPlanning/__tests__/weeklyPlanningFinalAuditRemainingFixes.test.ts workers/ai-proxy/src/weeklyPlanningTraceFirestore.integration.test.ts workers/ai-proxy/src/weeklyPlanningTraceAdmin.integration.test.ts


[1m[46m RUN [49m[22m [36mv3.2.4 [39m[90m/home/runner/work/StudyPlannner/StudyPlannner[39m

 [32m✓[39m workers/ai-proxy/src/weeklyPlanningTraceFirestore.integration.test.ts [2m([22m[2m4 tests[22m[2m)[22m[32m 22[2mms[22m[39m
 [31m❯[39m workers/ai-proxy/src/weeklyPlanningTraceAdmin.integration.test.ts [2m([22m[2m2 tests[22m[2m | [22m[31m1 failed[39m[2m)[22m[32m 22[2mms[22m[39m
   [32m✓[39m weekly planning trace admin API integration[2m > [22mlists a session and retrieves its entries with the same opaque lookup ID[32m 12[2mms[22m[39m
[31m   [31m×[31m weekly planning trace admin API integration[2m > [22mretrieves entries for the exact legacy redacted session handle[39m[32m 9[2mms[22m[39m
[31m     → expected [ { …(6) } ] to deeply equal [ ObjectContaining{…} ][39m
 [32m✓[39m src/features/weeklyPlanning/__tests__/weeklyPlanningCandidateAuditHardening.test.ts [2m([22m[2m8 tests[22m[2m)[22m[32m 11[2mms[22m[39m
 [32m✓[39m src/features/weeklyPlanning/__tests__/weeklyPlanningFinalAuditRemainingFixes.test.ts [2m([22m[2m4 tests[22m[2m)[22m[32m 7[2mms[22m[39m

[31m⎯⎯⎯⎯⎯⎯⎯[39m[1m[41m Failed Tests 1 [49m[22m[31m⎯⎯⎯⎯⎯⎯⎯[39m

[41m[1m FAIL [22m[49m workers/ai-proxy/src/weeklyPlanningTraceAdmin.integration.test.ts[2m > [22mweekly planning trace admin API integration[2m > [22mretrieves entries for the exact legacy redacted session handle
[31m[1mAssertionError[22m: expected [ { …(6) } ] to deeply equal [ ObjectContaining{…} ][39m

[32m- Expected[39m
[31m+ Received[39m

[2m  [[22m
[32m-   ObjectContaining {[39m
[31m+   {[39m
[2m      "content": "legacy",[22m
[32m-     "id": "weekly-trace-[UUID]-00000000",[39m
[31m+     "id": "weekly-trace-[UUID]-[PHONE]",[39m
[31m+     "logicalConversationId": "[UUID]",[39m
[31m+     "sequence": 0,[39m
[2m      "sessionId": "weekly-trace-[UUID]",[22m
[31m+     "subjectAlias": "subject--entry-token",[39m
[2m    },[22m
[2m  ][22m

[36m [2m❯[22m workers/ai-proxy/src/weeklyPlanningTraceAdmin.integration.test.ts:[2m168:21[22m[39m
    [90m166| [39m    [34mexpect[39m(result[33m.[39mstatus)[33m.[39m[34mtoBe[39m([34m200[39m)[33m;[39m
    [90m167| [39m    const entries = result.body.entries as Array<Record<string, unknow…
    [90m168| [39m    [34mexpect[39m(entries)[33m.[39m[34mtoEqual[39m([
    [90m   | [39m                    [31m^[39m
    [90m169| [39m      expect[33m.[39m[34mobjectContaining[39m({
    [90m170| [39m        id[33m:[39m [32m`[39m[36m${[39mfakeFirestore[33m.[39mlegacySessionId[36m}[39m[32m-00000000`[39m[33m,[39m

[31m[2m⎯⎯⎯⎯⎯⎯⎯⎯⎯⎯⎯⎯⎯⎯⎯⎯⎯⎯⎯⎯⎯⎯⎯⎯[1/1]⎯[22m[39m


[2m Test Files [22m [1m[31m1 failed[39m[22m[2m | [22m[1m[32m3 passed[39m[22m[90m (4)[39m
[2m      Tests [22m [1m[31m1 failed[39m[22m[2m | [22m[1m[32m17 passed[39m[22m[90m (18)[39m
[2m   Start at [22m 10:49:33
[2m   Duration [22m 2.13s[2m (transform 654ms, setup 0ms, collect 993ms, tests 62ms, environment 1ms, prepare 408ms)[22m


::error file=/home/runner/work/StudyPlannner/StudyPlannner/workers/ai-proxy/src/weeklyPlanningTraceAdmin.integration.test.ts,title=workers/ai-proxy/src/weeklyPlanningTraceAdmin.integration.test.ts > weekly planning trace admin API integration > retrieves entries for the exact legacy redacted session handle,line=168,column=21::AssertionError: expected [ { …(6) } ] to deeply equal [ ObjectContaining{…} ]%0A%0A- Expected%0A+ Received%0A%0A  [%0A-   ObjectContaining {%0A+   {%0A      "content": "legacy",%0A-     "id": "weekly-trace-[UUID]-00000000",%0A+     "id": "weekly-trace-[UUID]-[PHONE]",%0A+     "logicalConversationId": "[UUID]",%0A+     "sequence": 0,%0A      "sessionId": "weekly-trace-[UUID]",%0A+     "subjectAlias": "subject--entry-token",%0A    },%0A  ]%0A%0A ❯ workers/ai-proxy/src/weeklyPlanningTraceAdmin.integration.test.ts:168:21%0A%0A
