
> studyplanner-app@0.1.0 test:run
> node ./node_modules/vitest/vitest.mjs --config vite.config.mjs run src/features/weeklyPlanning src/components/WeeklyPlanningConversation.test.tsx


[1m[46m RUN [49m[22m [36mv3.2.4 [39m[90m/home/runner/work/StudyPlannner/StudyPlannner[39m

 [32m✓[39m src/features/weeklyPlanning/pipeline/weeklyPlanningIntakePipeline.test.ts [2m([22m[2m84 tests[22m[2m)[22m[32m 195[2mms[22m[39m
 [32m✓[39m src/features/weeklyPlanning/__tests__/weeklyPlanningIntakeEdgeCases.test.ts [2m([22m[2m115 tests[22m[2m)[22m[32m 116[2mms[22m[39m
 [32m✓[39m src/features/weeklyPlanning/scheduling/placementScoring.test.ts [2m([22m[2m31 tests[22m[2m)[22m[33m 597[2mms[22m[39m
 [32m✓[39m src/features/weeklyPlanning/__tests__/weeklyPlanningInterpreterFoundation.test.ts [2m([22m[2m32 tests[22m[2m)[22m[32m 41[2mms[22m[39m
 [32m✓[39m src/features/weeklyPlanning/scheduling/weeklyDraftCandidateGenerator.test.ts [2m([22m[2m26 tests[22m[2m)[22m[32m 26[2mms[22m[39m
 [32m✓[39m src/features/weeklyPlanning/weeklyPlanningTransforms.integration.test.ts [2m([22m[2m21 tests[22m[2m)[22m[33m 340[2mms[22m[39m
 [2m[90m↓[39m[22m src/features/weeklyPlanning/__tests__/weeklyPlanningAiInterpreter.real-eval.test.ts [2m([22m[2m1 test[22m[2m | [22m[33m1 skipped[39m[2m)[22m
 [32m✓[39m src/features/weeklyPlanning/dialogue/weeklyPlanningAiDialogueRenderer.test.ts [2m([22m[2m20 tests[22m[2m)[22m[32m 16[2mms[22m[39m
 [32m✓[39m src/features/weeklyPlanning/scheduling/sessionChunking.test.ts [2m([22m[2m24 tests[22m[2m)[22m[32m 15[2mms[22m[39m
 [32m✓[39m src/features/weeklyPlanning/dialogue/weeklyPlanningDialogueManager.test.ts [2m([22m[2m17 tests[22m[2m)[22m[32m 42[2mms[22m[39m
[90mstderr[2m | src/features/weeklyPlanning/trace/weeklyPlanningTraceRuntimeContract.test.ts[2m > [22m[2mweekly planning trace runtime contract[2m > [22m[2m遅延write失敗を次の成功writeで一度だけ診断event化する
[22m[39m[WeeklyPlanningTrace] write failed {
  sessionId: [32m'weekly-trace-6eac669f-ee89-4f4a-9ce2-2600d80454d7'[39m,
  error: [32m'delayed-write-failure'[39m
}

 [32m✓[39m src/features/weeklyPlanning/trace/weeklyPlanningTraceRuntimeContract.test.ts [2m([22m[2m10 tests[22m[2m)[22m[32m 68[2mms[22m[39m
 [32m✓[39m src/features/weeklyPlanning/__tests__/weeklyPlanningAiInterpreter.test.ts [2m([22m[2m11 tests[22m[2m)[22m[32m 15[2mms[22m[39m
 [32m✓[39m src/features/weeklyPlanning/__tests__/weeklyPlanningRemainingWorkItems.test.ts [2m([22m[2m11 tests[22m[2m)[22m[32m 39[2mms[22m[39m
 [32m✓[39m src/features/weeklyPlanning/__tests__/weeklyPlanningLegacyFallback.test.ts [2m([22m[2m12 tests[22m[2m)[22m[32m 27[2mms[22m[39m
 [32m✓[39m src/features/weeklyPlanning/weeklyPlanningRegression.test.ts [2m([22m[2m12 tests[22m[2m)[22m[33m 452[2mms[22m[39m
 [32m✓[39m src/features/weeklyPlanning/__tests__/weeklyPlanningDraftRequestAdapter.test.ts [2m([22m[2m12 tests[22m[2m)[22m[32m 27[2mms[22m[39m
 [32m✓[39m src/features/weeklyPlanning/intake/weeklyPlanningAssumptionProposals.test.ts [2m([22m[2m25 tests[22m[2m)[22m[32m 86[2mms[22m[39m
 [32m✓[39m src/features/weeklyPlanning/__tests__/weeklyPlanningPersonaInputs.test.ts [2m([22m[2m28 tests[22m[2m | [22m[33m17 skipped[39m[2m)[22m[32m 41[2mms[22m[39m
 [32m✓[39m src/features/weeklyPlanning/__tests__/weeklyPlanningRoleplayScenarios.test.ts [2m([22m[2m6 tests[22m[2m)[22m[32m 32[2mms[22m[39m
 [32m✓[39m src/features/weeklyPlanning/planning/weeklyPlanningBehaviorSafety.test.ts [2m([22m[2m8 tests[22m[2m)[22m[32m 28[2mms[22m[39m
 [32m✓[39m src/features/weeklyPlanning/scheduling/placementProperties.test.ts [2m([22m[2m5 tests[22m[2m)[22m[33m 1139[2mms[22m[39m
   [33m[2m✓[22m[39m weekly placement properties[2m > [22mconserves requested minutes and emits only valid blocks [33m 526[2mms[22m[39m
   [33m[2m✓[22m[39m weekly placement properties[2m > [22mis deterministic for the same generated scenario [33m 331[2mms[22m[39m
 [32m✓[39m src/features/weeklyPlanning/planning/weeklyPlanningBehaviorPlanner.test.ts [2m([22m[2m11 tests[22m[2m)[22m[32m 33[2mms[22m[39m
 [32m✓[39m src/features/weeklyPlanning/dialogue/weeklyPlanningDialogueMessages.test.ts [2m([22m[2m13 tests[22m[2m)[22m[32m 7[2mms[22m[39m
 [32m✓[39m src/features/weeklyPlanning/dialogue/weeklyPlanningBehaviorAwareDialoguePlanner.test.ts [2m([22m[2m5 tests[22m[2m)[22m[32m 11[2mms[22m[39m
 [32m✓[39m src/features/weeklyPlanning/__tests__/weeklyPlanningBehaviorAwareRoleplay.test.ts [2m([22m[2m1 test[22m[2m)[22m[32m 40[2mms[22m[39m
 [32m✓[39m src/features/weeklyPlanning/intake/weeklyPlanningCandidateValidator.test.ts [2m([22m[2m13 tests[22m[2m)[22m[32m 143[2mms[22m[39m
 [32m✓[39m src/features/weeklyPlanning/__tests__/weeklyPlanningDialogueStackIntegration.test.ts [2m([22m[2m5 tests[22m[2m)[22m[32m 38[2mms[22m[39m
 [32m✓[39m src/features/weeklyPlanning/planning/weeklyPlanningDialogueStackProperties.test.ts [2m([22m[2m3 tests[22m[2m)[22m[32m 29[2mms[22m[39m
 [32m✓[39m src/features/weeklyPlanning/parsing/weeklyTaskExtraction.test.ts [2m([22m[2m8 tests[22m[2m)[22m[32m 25[2mms[22m[39m
 [32m✓[39m src/features/weeklyPlanning/trace/weeklyPlanningTraceRepository.test.ts [2m([22m[2m7 tests[22m[2m)[22m[32m 19[2mms[22m[39m
 [32m✓[39m src/features/weeklyPlanning/scheduling/availabilitySlots.test.ts [2m([22m[2m5 tests[22m[2m)[22m[32m 144[2mms[22m[39m
 [32m✓[39m src/features/weeklyPlanning/parsing/weeklyQualityPreferenceParser.test.ts [2m([22m[2m4 tests[22m[2m)[22m[33m 329[2mms[22m[39m
 [32m✓[39m src/features/weeklyPlanning/preview/weeklyPlanningPreviewBlocks.test.ts [2m([22m[2m3 tests[22m[2m)[22m[32m 59[2mms[22m[39m
 [32m✓[39m src/features/weeklyPlanning/planning/weeklyPlanningAssumptionLifecycle.test.ts [2m([22m[2m4 tests[22m[2m)[22m[32m 6[2mms[22m[39m
 [32m✓[39m src/features/weeklyPlanning/planning/weeklyPlanningBehaviorAwarePreviewBridge.test.ts [2m([22m[2m4 tests[22m[2m)[22m[32m 10[2mms[22m[39m
 [32m✓[39m src/features/weeklyPlanning/planning/weeklyPlanningApproval.test.ts [2m([22m[2m4 tests[22m[2m)[22m[32m 6[2mms[22m[39m
 [32m✓[39m src/features/weeklyPlanning/weeklyPlanningReducer.test.ts [2m([22m[2m5 tests[22m[2m)[22m[32m 7[2mms[22m[39m
 [32m✓[39m src/features/weeklyPlanning/__tests__/weeklyPlanningClarificationContext.test.ts [2m([22m[2m4 tests[22m[2m)[22m[32m 33[2mms[22m[39m
 [32m✓[39m src/features/weeklyPlanning/dialogue/weeklyPlanningBehaviorAwareDialogueValidation.test.ts [2m([22m[2m6 tests[22m[2m)[22m[32m 9[2mms[22m[39m
 [32m✓[39m src/features/weeklyPlanning/__tests__/weeklyPlanningAssumptionProposalPipeline.test.ts [2m([22m[2m3 tests[22m[2m)[22m[32m 13[2mms[22m[39m
 [32m✓[39m src/features/weeklyPlanning/dialogue/weeklyPlanningDialogueOrchestrator.test.ts [2m([22m[2m5 tests[22m[2m)[22m[32m 7[2mms[22m[39m
 [32m✓[39m src/features/weeklyPlanning/intake/weeklyPlanningQuestionSlots.test.ts [2m([22m[2m4 tests[22m[2m)[22m[32m 9[2mms[22m[39m
 [32m✓[39m src/features/weeklyPlanning/__tests__/weeklyPlanningDialoguePathRegression.test.ts [2m([22m[2m7 tests[22m[2m)[22m[32m 35[2mms[22m[39m
 [32m✓[39m src/features/weeklyPlanning/trace/weeklyPlanningTraceExport.test.ts [2m([22m[2m3 tests[22m[2m)[22m[32m 10[2mms[22m[39m
 [32m✓[39m src/features/weeklyPlanning/intake/weeklyPlanningLifecycleInterpreter.test.ts [2m([22m[2m3 tests[22m[2m)[22m[32m 5[2mms[22m[39m
 [32m✓[39m src/features/weeklyPlanning/trace/weeklyPlanningTraceFlow.test.ts [2m([22m[2m1 test[22m[2m)[22m[32m 19[2mms[22m[39m
 [32m✓[39m src/features/weeklyPlanning/planning/weeklyPlanningApprovalAssumption.test.ts [2m([22m[2m2 tests[22m[2m)[22m[32m 3[2mms[22m[39m
 [32m✓[39m src/features/weeklyPlanning/planning/weeklyPlanningApprovalRuntime.test.ts [2m([22m[2m3 tests[22m[2m)[22m[32m 4[2mms[22m[39m
 [32m✓[39m src/features/weeklyPlanning/planning/weeklyPlanningRelativeConstraints.test.ts [2m([22m[2m3 tests[22m[2m)[22m[32m 12[2mms[22m[39m
 [32m✓[39m src/features/weeklyPlanning/planning/weeklyPlanningFeasibility.test.ts [2m([22m[2m3 tests[22m[2m)[22m[32m 10[2mms[22m[39m
 [32m✓[39m src/features/weeklyPlanning/testing/weeklyPlanningConversationEvaluation.test.ts [2m([22m[2m4 tests[22m[2m)[22m[32m 7[2mms[22m[39m
 [32m✓[39m src/features/weeklyPlanning/dialogue/weeklyPlanningDialogueUiPolicy.test.ts [2m([22m[2m4 tests[22m[2m)[22m[32m 6[2mms[22m[39m
 [32m✓[39m src/features/weeklyPlanning/weeklyPlanningConversationPersistence.test.ts [2m([22m[2m2 tests[22m[2m)[22m[32m 5[2mms[22m[39m
 [32m✓[39m src/features/weeklyPlanning/planning/weeklyPlanningBehaviorHardenedGate.test.ts [2m([22m[2m3 tests[22m[2m)[22m[32m 9[2mms[22m[39m
 [32m✓[39m src/features/weeklyPlanning/planning/weeklyPlanningDraftGenerationAuthorization.test.ts [2m([22m[2m4 tests[22m[2m)[22m[32m 7[2mms[22m[39m
 [32m✓[39m src/features/weeklyPlanning/parsing/weeklyParserFuzz.test.ts [2m([22m[2m2 tests[22m[2m)[22m[32m 57[2mms[22m[39m
 [32m✓[39m src/features/weeklyPlanning/intake/weeklyPlanningScopeEnrichment.test.ts [2m([22m[2m2 tests[22m[2m)[22m[32m 6[2mms[22m[39m
 [32m✓[39m src/features/weeklyPlanning/trace/weeklyPlanningTraceTypes.test.ts [2m([22m[2m6 tests[22m[2m)[22m[32m 5[2mms[22m[39m
 [32m✓[39m src/features/weeklyPlanning/planning/weeklyPlanningSessionRuntime.test.ts [2m([22m[2m2 tests[22m[2m)[22m[32m 5[2mms[22m[39m
 [32m✓[39m src/features/weeklyPlanning/pipeline/weeklyPlanningDialogueTurnPipeline.test.ts [2m([22m[2m2 tests[22m[2m)[22m[32m 4[2mms[22m[39m
 [32m✓[39m src/features/weeklyPlanning/planning/weeklyPlanningRelativeConstraintAdapter.test.ts [2m([22m[2m2 tests[22m[2m)[22m[32m 5[2mms[22m[39m
 [32m✓[39m src/features/weeklyPlanning/intake/weeklyPlanningAiInterpreterAssumptionDraft.test.ts [2m([22m[2m1 test[22m[2m)[22m[32m 4[2mms[22m[39m
 [32m✓[39m src/features/weeklyPlanning/intake/weeklyPlanningSingleFieldPriority.test.ts [2m([22m[2m2 tests[22m[2m)[22m[32m 6[2mms[22m[39m
 [32m✓[39m src/features/weeklyPlanning/intake/weeklyPlanningClarificationParsing.test.ts [2m([22m[2m11 tests[22m[2m)[22m[32m 10[2mms[22m[39m
 [32m✓[39m src/features/weeklyPlanning/trace/weeklyPlanningTraceRedaction.test.ts [2m([22m[2m3 tests[22m[2m)[22m[32m 6[2mms[22m[39m
 [32m✓[39m src/features/weeklyPlanning/planning/weeklyPlanningApprovalLegacy.test.ts [2m([22m[2m2 tests[22m[2m)[22m[32m 3[2mms[22m[39m
 [32m✓[39m src/features/weeklyPlanning/dialogue/weeklyPlanningKnownFixedEvents.test.ts [2m([22m[2m2 tests[22m[2m)[22m[32m 4[2mms[22m[39m
 [32m✓[39m src/features/weeklyPlanning/trace/weeklyPlanningTraceArchive.test.ts [2m([22m[2m3 tests[22m[2m)[22m[32m 4[2mms[22m[39m
 [32m✓[39m src/features/weeklyPlanning/parsing/weeklyTitleCleanup.test.ts [2m([22m[2m2 tests[22m[2m)[22m[32m 17[2mms[22m[39m
 [32m✓[39m src/components/WeeklyPlanningConversation.test.tsx [2m([22m[2m1 test[22m[2m)[22m[32m 7[2mms[22m[39m
 [32m✓[39m src/features/weeklyPlanning/trace/weeklyPlanningTraceDate.test.ts [2m([22m[2m2 tests[22m[2m)[22m[32m 24[2mms[22m[39m

[2m Test Files [22m [1m[32m70 passed[39m[22m[2m | [22m[33m1 skipped[39m[90m (71)[39m
[2m      Tests [22m [1m[32m697 passed[39m[22m[2m | [22m[33m13 skipped[39m[2m | [22m[90m5 todo[39m[90m (715)[39m
[2m   Start at [22m 18:39:09
[2m   Duration [22m 34.33s[2m (transform 1.94s, setup 0ms, collect 11.56s, tests 4.62s, environment 34ms, prepare 7.51s)[22m

