
> studyplanner-app@0.1.0 test:run
> node ./node_modules/vitest/vitest.mjs --config vite.config.mjs run src/features/weeklyPlanning/__tests__/weeklyPlanningInterpreterFoundation.test.ts src/features/weeklyPlanning/intake/weeklyPlanningPendingRangeCommandContract.test.ts src/features/weeklyPlanning/__tests__/weeklyPlanningAiInterpreter.test.ts


[1m[46m RUN [49m[22m [36mv3.2.4 [39m[90m/home/runner/work/StudyPlannner/StudyPlannner[39m

 [32m✓[39m src/features/weeklyPlanning/__tests__/weeklyPlanningInterpreterFoundation.test.ts [2m([22m[2m32 tests[22m[2m)[22m[32m 59[2mms[22m[39m
 [32m✓[39m src/features/weeklyPlanning/__tests__/weeklyPlanningAiInterpreter.test.ts [2m([22m[2m12 tests[22m[2m)[22m[32m 24[2mms[22m[39m
 [32m✓[39m src/features/weeklyPlanning/intake/weeklyPlanningPendingRangeCommandContract.test.ts [2m([22m[2m7 tests[22m[2m)[22m[32m 6[2mms[22m[39m

[2m Test Files [22m [1m[32m3 passed[39m[22m[90m (3)[39m
[2m      Tests [22m [1m[32m51 passed[39m[22m[90m (51)[39m
[2m   Start at [22m 08:46:18
[2m   Duration [22m 2.21s[2m (transform 792ms, setup 0ms, collect 1.24s, tests 88ms, environment 1ms, prepare 361ms)[22m


> studyplanner-app@0.1.0 build
> tsc --noEmit && vite build --config vite.config.mjs

src/features/weeklyPlanning/__tests__/weeklyPlanningInterpreterFoundation.test.ts(629,12): error TS18048: 'normalized' is possibly 'undefined'.
src/features/weeklyPlanning/intake/weeklyPlanningPendingRangeCommandContract.test.ts(33,12): error TS18048: 'normalized' is possibly 'undefined'.
src/features/weeklyPlanning/intake/weeklyPlanningPendingRangeCommandContract.test.ts(34,12): error TS18048: 'normalized' is possibly 'undefined'.
src/features/weeklyPlanning/intake/weeklyPlanningPendingRangeCommandContract.test.ts(35,12): error TS18048: 'normalized' is possibly 'undefined'.
src/features/weeklyPlanning/pipeline/weeklyPlanningIntakePipeline.ts(599,50): error TS2345: Argument of type '(AddUnavailableCommand | AddFixedEventCommand | UpdateLifeConstraintCommand | UseConstraintSourceCommand | ... 14 more ... | undefined)[]' is not assignable to parameter of type 'ParsedWeeklyPlanningCommand[]'.
  Type 'AddUnavailableCommand | AddFixedEventCommand | UpdateLifeConstraintCommand | UseConstraintSourceCommand | ... 14 more ... | undefined' is not assignable to type 'ParsedWeeklyPlanningCommand'.
    Type 'undefined' is not assignable to type 'ParsedWeeklyPlanningCommand'.
Traceback (most recent call last):
  File "/home/runner/work/StudyPlannner/StudyPlannner/.github/agent-scripts/fix-pr5-n2-regression.py", line 54, in <module>
    subprocess.run(['npm', 'run', 'build'], cwd=ROOT, check=True)
  File "/usr/lib/python3.12/subprocess.py", line 571, in run
    raise CalledProcessError(retcode, process.args,
subprocess.CalledProcessError: Command '['npm', 'run', 'build']' returned non-zero exit status 2.
