
 RUN  v3.2.7 <INTEGRATION_WORKTREE>

 ✓ workers/ai-proxy/src/traceWorker.scheduledSubrequestBudget.test.ts (10 tests) 1930ms
   ✓ traceWorker scheduled subrequest budget > keeps an empty and a five-batch rollup at exact 6 and 31 requests  343ms
   ✓ traceWorker scheduled subrequest budget > uses the full 45-request application budget for two late rollup conflicts  454ms
   ✓ traceWorker scheduled subrequest budget > defers at 45 when retries exhaust the budget and progresses on the next invocation  452ms
   ✓ traceWorker scheduled subrequest budget > moves a rollup backlog forward by five batches on every invocation  355ms
 ✓ workers/ai-proxy/src/productObservabilityActiveUserSnapshot.test.ts (16 tests) 1458ms
   ✓ ProductObservabilityActiveUserSnapshotService > checkpoints a large dirty backlog without publishing partial counts and resumes exactly  301ms
   ✓ ProductObservabilityActiveUserSnapshotService > keeps a near-limit publish below 10 MiB and rejects an oversized publish first  713ms
stderr | src/components/StudyPlannerAppRoot.parallelStartup.test.tsx > video ended cannot release memory or planner gates, while readiness never waits for the video
[Firebase Config] Missing required environment variables: [
  'VITE_FIREBASE_API_KEY',
  'VITE_FIREBASE_AUTH_DOMAIN',
  'VITE_FIREBASE_PROJECT_ID',
  'VITE_FIREBASE_APP_ID'
]

 ✓ src/components/StudyPlannerAppRoot.parallelStartup.test.tsx (33 tests) 281ms
 ✓ workers/ai-proxy/src/productObservabilityStore.test.ts (11 tests) 36ms
 ✓ src/components/StudyPlannerAppRoot.test.tsx (24 tests) 76ms
 ✓ src/components/MonthEventDialog.persistence.test.tsx (7 tests) 113ms
 ✓ workers/ai-proxy/src/productObservabilityRetention.test.ts (14 tests) 21ms
 ✓ src/components/StartupVideo.test.tsx (17 tests) 210ms
 ✓ workers/ai-proxy/src/productObservabilityRollup.actorDates.test.ts (4 tests) 42ms
 ✓ src/components/SplashScreen.test.tsx (7 tests) 30ms
 ✓ workers/ai-proxy/src/workerSubrequestBudget.test.ts (1 test) 8ms

 Test Files  11 passed (11)
      Tests  144 passed (144)
   Start at  21:21:42
   Duration  11.26s (transform 2.01s, setup 0ms, collect 3.74s, tests 4.20s, environment 2ms, prepare 1.00s)
